---
source: crates/takusu-agent/tests/schema_snapshots.rs
expression: def
---
{
  "function": {
    "description": "Create a recurring habit deletion proposal.",
    "name": "delete_habit",
    "parameters": {
      "additionalProperties": false,
      "properties": {
        "habit_ref": {
          "type": "string"
        },
        "proposal_id": {
          "description": "Optional proposal id. Set the same value across multiple related tool calls to group them into a single proposal for review.",
          "type": "string"
        },
        "warnings": {
          "items": {
            "type": "string"
          },
          "type": "array"
        },
        "why": {
          "description": "Short user-facing reason for the proposed change.",
          "type": "string"
        }
      },
      "required": [
        "habit_ref"
      ],
      "type": "object"
    }
  },
  "type": "function"
}
